// Jest Snapshot v1, https://goo.gl/fbAQLP

exports[`createBEMElementSFC merges modifiers prop with root node's modifiers 1`] = `
<div
  className="foo__bar foo__bar--mod1 foo__bar--mod2"
/>
`;

exports[`createBEMElementSFC receives BEM block name via context 1`] = `
Object {
  "block": "context-block",
}
`;
